10:43:33 **** Build of configuration Debug for project 3_gpio_bsrr ****
make -j16 all 
arm-none-eabi-gcc -mcpu=cortex-m4 -g3 -DDEBUG -c -x assembler-with-cpp -MMD -MP -MF"Startup/startup_stm32f446retx.d" -MT"Startup/startup_stm32f446retx.o" --specs=nano.specs -mfpu=fpv4-sp-d16 -mfloat-abi=hard -mthumb -o "Startup/startup_stm32f446retx.o" "../Startup/startup_stm32f446retx.s"
arm-none-eabi-gcc "../Src/main.c" -mcpu=cortex-m4 -std=gnu11 -g3 -DDEBUG -DSTM32 -DSTM32F4 -DSTM32F446RETx -DNUCLEO_F446RE -DSTM32F446xx -c -I../Inc -I"C:/Users/ethan/Documents/Firmware-60-day-Challenge/Week 2 - STM32 toolchain, ARM Cortex-M/F4_chip_headers/CMSIS/Device/ST/STM32F4xx/Include" -I"C:/Users/ethan/Documents/Firmware-60-day-Challenge/Week 2 - STM32 toolchain, ARM Cortex-M/F4_chip_headers/CMSIS/Include" -O0 -ffunction-sections -fdata-sections -Wall -fstack-usage -fcyclomatic-complexity -MMD -MP -MF"Src/main.d" -MT"Src/main.o" --specs=nano.specs -mfpu=fpv4-sp-d16 -mfloat-abi=hard -mthumb -o "Src/main.o"
arm-none-eabi-gcc "../Src/syscalls.c" -mcpu=cortex-m4 -std=gnu11 -g3 -DDEBUG -DSTM32 -DSTM32F4 -DSTM32F446RETx -DNUCLEO_F446RE -DSTM32F446xx -c -I../Inc -I"C:/Users/ethan/Documents/Firmware-60-day-Challenge/Week 2 - STM32 toolchain, ARM Cortex-M/F4_chip_headers/CMSIS/Device/ST/STM32F4xx/Include" -I"C:/Users/ethan/Documents/Firmware-60-day-Challenge/Week 2 - STM32 toolchain, ARM Cortex-M/F4_chip_headers/CMSIS/Include" -O0 -ffunction-sections -fdata-sections -Wall -fstack-usage -fcyclomatic-complexity -MMD -MP -MF"Src/syscalls.d" -MT"Src/syscalls.o" --specs=nano.specs -mfpu=fpv4-sp-d16 -mfloat-abi=hard -mthumb -o "Src/syscalls.o"
arm-none-eabi-gcc "../Src/sysmem.c" -mcpu=cortex-m4 -std=gnu11 -g3 -DDEBUG -DSTM32 -DSTM32F4 -DSTM32F446RETx -DNUCLEO_F446RE -DSTM32F446xx -c -I../Inc -I"C:/Users/ethan/Documents/Firmware-60-day-Challenge/Week 2 - STM32 toolchain, ARM Cortex-M/F4_chip_headers/CMSIS/Device/ST/STM32F4xx/Include" -I"C:/Users/ethan/Documents/Firmware-60-day-Challenge/Week 2 - STM32 toolchain, ARM Cortex-M/F4_chip_headers/CMSIS/Include" -O0 -ffunction-sections -fdata-sections -Wall -fstack-usage -fcyclomatic-complexity -MMD -MP -MF"Src/sysmem.d" -MT"Src/sysmem.o" --specs=nano.specs -mfpu=fpv4-sp-d16 -mfloat-abi=hard -mthumb -o "Src/sysmem.o"
arm-none-eabi-gcc -o "3_gpio_bsrr.elf" @"objects.list"   -mcpu=cortex-m4 -T"C:\Users\ethan\Documents\Firmware-60-day-Challenge\Week 2 - STM32 toolchain, ARM Cortex-M\3_gpio_bsrr\STM32F446RETX_FLASH.ld" --specs=nosys.specs -Wl,-Map="3_gpio_bsrr.map" -Wl,--gc-sections -static --specs=nano.specs -mfpu=fpv4-sp-d16 -mfloat-abi=hard -mthumb -Wl,--start-group -lc -lm -Wl,--end-group
Finished building target: 3_gpio_bsrr.elf
 
arm-none-eabi-size  3_gpio_bsrr.elf 
arm-none-eabi-objdump -h -S 3_gpio_bsrr.elf  > "3_gpio_bsrr.list"
   text	   data	    bss	    dec	    hex	filename
    816	      0	   1568	   2384	    950	3_gpio_bsrr.elf
Finished building: default.size.stdout
 
Finished building: 3_gpio_bsrr.list
 

10:43:36 Build Finished. 0 errors, 0 warnings. (took 3s.153ms)

