04:18:50 **** Incremental Build of configuration Debug for project 21_I2C_adxl345 ****
make -j16 all 
arm-none-eabi-gcc "../Src/adxl345.c" -mcpu=cortex-m4 -std=gnu11 -g3 -DDEBUG -DSTM32 -DSTM32F4 -DSTM32F446RETx -DNUCLEO_F446RE -DSTM32F446xx -c -I../Inc -I"C:/Users/ethan/Documents/Firmware-60-day-Challenge/Week 2 - STM32 toolchain, ARM Cortex-M/F4_chip_headers/CMSIS/Device/ST/STM32F4xx/Include" -I"C:/Users/ethan/Documents/Firmware-60-day-Challenge/Week 2 - STM32 toolchain, ARM Cortex-M/F4_chip_headers/CMSIS/Include" -O0 -ffunction-sections -fdata-sections -Wall -fstack-usage -fcyclomatic-complexity -MMD -MP -MF"Src/adxl345.d" -MT"Src/adxl345.o" --specs=nano.specs -mfpu=fpv4-sp-d16 -mfloat-abi=hard -mthumb -o "Src/adxl345.o"
arm-none-eabi-gcc "../Src/main.c" -mcpu=cortex-m4 -std=gnu11 -g3 -DDEBUG -DSTM32 -DSTM32F4 -DSTM32F446RETx -DNUCLEO_F446RE -DSTM32F446xx -c -I../Inc -I"C:/Users/ethan/Documents/Firmware-60-day-Challenge/Week 2 - STM32 toolchain, ARM Cortex-M/F4_chip_headers/CMSIS/Device/ST/STM32F4xx/Include" -I"C:/Users/ethan/Documents/Firmware-60-day-Challenge/Week 2 - STM32 toolchain, ARM Cortex-M/F4_chip_headers/CMSIS/Include" -O0 -ffunction-sections -fdata-sections -Wall -fstack-usage -fcyclomatic-complexity -MMD -MP -MF"Src/main.d" -MT"Src/main.o" --specs=nano.specs -mfpu=fpv4-sp-d16 -mfloat-abi=hard -mthumb -o "Src/main.o"
arm-none-eabi-gcc -o "21_I2C_adxl345.elf" @"objects.list"   -mcpu=cortex-m4 -T"C:\Users\ethan\Documents\Firmware-60-day-Challenge\Week 2 - STM32 toolchain, ARM Cortex-M\21_I2C_adxl345\STM32F446RETX_FLASH.ld" --specs=nosys.specs -Wl,-Map="21_I2C_adxl345.map" -Wl,--gc-sections -static --specs=nano.specs -mfpu=fpv4-sp-d16 -mfloat-abi=hard -mthumb -Wl,--start-group -lc -lm -Wl,--end-group
Finished building target: 21_I2C_adxl345.elf
 
arm-none-eabi-size  21_I2C_adxl345.elf 
arm-none-eabi-objdump -h -S 21_I2C_adxl345.elf  > "21_I2C_adxl345.list"
   text	   data	    bss	    dec	    hex	filename
   4084	      0	   1608	   5692	   163c	21_I2C_adxl345.elf
Finished building: default.size.stdout
 
Finished building: 21_I2C_adxl345.list
 
04:18:56 **** Incremental Build of configuration Debug for project 21_I2C_adxl345 ****
make -j16 all 
arm-none-eabi-size  21_I2C_adxl345.elf 
   text	   data	    bss	    dec	    hex	filename
   4084	      0	   1608	   5692	   163c	21_I2C_adxl345.elf
Finished building: default.size.stdout
 
