05:50:25 **** Incremental Build of configuration Debug for project 12_timer ****
make -j16 all 
arm-none-eabi-gcc "../Src/main.c" -mcpu=cortex-m4 -std=gnu11 -g3 -DDEBUG -DSTM32 -DSTM32F4 -DSTM32F446RETx -DNUCLEO_F446RE -DSTM32F446xx -c -I../Inc -I"C:/Users/ethan/Documents/Firmware-60-day-Challenge/Week 2 - STM32 toolchain, ARM Cortex-M/F4_chip_headers/CMSIS/Device/ST/STM32F4xx/Include" -I"C:/Users/ethan/Documents/Firmware-60-day-Challenge/Week 2 - STM32 toolchain, ARM Cortex-M/F4_chip_headers/CMSIS/Include" -O0 -ffunction-sections -fdata-sections -Wall -fstack-usage -fcyclomatic-complexity -MMD -MP -MF"Src/main.d" -MT"Src/main.o" --specs=nano.specs -mfpu=fpv4-sp-d16 -mfloat-abi=hard -mthumb -o "Src/main.o"
arm-none-eabi-gcc -o "12_timer.elf" @"objects.list"   -mcpu=cortex-m4 -T"C:\Users\ethan\Documents\Firmware-60-day-Challenge\Week 2 - STM32 toolchain, ARM Cortex-M\12_timer\STM32F446RETX_FLASH.ld" --specs=nosys.specs -Wl,-Map="12_timer.map" -Wl,--gc-sections -static --specs=nano.specs -mfpu=fpv4-sp-d16 -mfloat-abi=hard -mthumb -Wl,--start-group -lc -lm -Wl,--end-group
Finished building target: 12_timer.elf
 
arm-none-eabi-size  12_timer.elf 
arm-none-eabi-objdump -h -S 12_timer.elf  > "12_timer.list"
   text	   data	    bss	    dec	    hex	filename
   5364	     92	   1900	   7356	   1cbc	12_timer.elf
Finished building: default.size.stdout
 
Finished building: 12_timer.list
 
05:50:39 **** Incremental Build of configuration Debug for project 12_timer ****
make -j16 all 
arm-none-eabi-size  12_timer.elf 
   text	   data	    bss	    dec	    hex	filename
   5364	     92	   1900	   7356	   1cbc	12_timer.elf
Finished building: default.size.stdout
 
