C:/Users/ethan/Documents/Firmware-60-day-Challenge/Week 2 - STM32 toolchain, ARM Cortex-M/F4_chip_headers/CMSIS/Include/core_cm4.h:1688:22:__NVIC_EnableIRQ	16	static
../Src/uart.c:23:5:__io_putchar	16	static
../Src/uart.c:29:6:uart2_rxtx_init	8	static
../Src/uart.c:71:6:uart2_rx_interrupt_init	8	static
../Src/uart.c:119:6:uart2_tx_init	8	static
../Src/uart.c:150:6:uart2_read	4	static
../Src/uart.c:160:6:uart2_write	16	static
../Src/uart.c:170:13:uart_set_baudrate	24	static
../Src/uart.c:176:17:compute_uart_bd	16	static
